---
source: tests/desugar_tests.rs
expression: json
---
{
  "rust_crates": [
    {
      "name": "tokio",
      "alias": null,
      "version": null,
      "features": []
    }
  ],
  "has_async": true,
  "has_parallel": false,
  "has_random": false,
  "has_rust_blocks": false,
  "has_logging": false,
  "async_functions": [
    "fetch",
    "main"
  ]
}
