---
source: tests/generics_parser_tests.rs
expression: json
---
{
  "items": [
    {
      "Class": {
        "name": "Container",
        "type_params": [],
        "base": null,
        "members": [
          {
            "Method": {
              "name": "wrap",
              "visibility": "Public",
              "type_params": [
                {
                  "name": "T",
                  "constraints": []
                }
              ],
              "params": [
                {
                  "name": "value",
                  "type_ref": {
                    "Simple": "T"
                  },
                  "default": null
                }
              ],
              "return_type": {
                "Simple": "T"
              },
              "body": {
                "stmts": [
                  {
                    "Return": {
                      "expr": {
                        "Identifier": "value"
                      }
                    }
                  }
                ]
              },
              "expr_body": null,
              "is_async_inferred": false,
              "contains_fail": false
            }
          }
        ]
      }
    }
  ]
}
