---
source: tests/lexer_tests.rs
expression: error_msg
---
● E1000: Invalid token
────────────────────────────────────────────────────────────
  → <input>:2:9

     2 │
       │ let x = "Hello, World!
       │         ^^^
       │

  ⓘ Encountered an invalid token: '"Hello, World!
'

  💡 Check for unexpected characters or typos in your code
────────────────────────────────────────────────────────────
