---
source: tests/lexer_tests.rs
expression: error_msg
---

● E1000: Invalid token [Lexer]
────────────────────────────────────────────────────────────
  → <input>:2:9

     2 │
       │ let x = @#$%^&*()
       │         ^^^
       │

  ⓘ Encountered an invalid token: '@'

  💡 Check for unexpected characters or typos in your code

  📚 Learn more: https://liva-lang.org/docs/errors/lexer#e1000
────────────────────────────────────────────────────────────
