---
source: tests/parser_tests.rs
expression: json
---
{
  "items": [
    {
      "Function": {
        "name": "main",
        "type_params": [],
        "params": [],
        "return_type": null,
        "body": {
          "stmts": [
            {
              "VarDecl": {
                "bindings": [
                  {
                    "name": "i8_val",
                    "type_ref": {
                      "Simple": "i8"
                    }
                  }
                ],
                "init": {
                  "Literal": {
                    "Int": 127
                  }
                },
                "is_fallible": false
              }
            },
            {
              "VarDecl": {
                "bindings": [
                  {
                    "name": "i16_val",
                    "type_ref": {
                      "Simple": "i16"
                    }
                  }
                ],
                "init": {
                  "Literal": {
                    "Int": 32767
                  }
                },
                "is_fallible": false
              }
            },
            {
              "VarDecl": {
                "bindings": [
                  {
                    "name": "i32_val",
                    "type_ref": {
                      "Simple": "i32"
                    }
                  }
                ],
                "init": {
                  "Literal": {
                    "Int": 2147483647
                  }
                },
                "is_fallible": false
              }
            },
            {
              "VarDecl": {
                "bindings": [
                  {
                    "name": "i64_val",
                    "type_ref": {
                      "Simple": "i64"
                    }
                  }
                ],
                "init": {
                  "Literal": {
                    "Int": 9223372036854775807
                  }
                },
                "is_fallible": false
              }
            },
            {
              "VarDecl": {
                "bindings": [
                  {
                    "name": "i128_val",
                    "type_ref": {
                      "Simple": "i128"
                    }
                  }
                ],
                "init": {
                  "Literal": {
                    "Int": 1000000000000000000
                  }
                },
                "is_fallible": false
              }
            },
            {
              "Expr": {
                "expr": {
                  "Identifier": "i128"
                }
              }
            },
            {
              "VarDecl": {
                "bindings": [
                  {
                    "name": "u8_val",
                    "type_ref": {
                      "Simple": "u8"
                    }
                  }
                ],
                "init": {
                  "Literal": {
                    "Int": 255
                  }
                },
                "is_fallible": false
              }
            },
            {
              "VarDecl": {
                "bindings": [
                  {
                    "name": "u16_val",
                    "type_ref": {
                      "Simple": "u16"
                    }
                  }
                ],
                "init": {
                  "Literal": {
                    "Int": 65535
                  }
                },
                "is_fallible": false
              }
            },
            {
              "VarDecl": {
                "bindings": [
                  {
                    "name": "u32_val",
                    "type_ref": {
                      "Simple": "u32"
                    }
                  }
                ],
                "init": {
                  "Literal": {
                    "Int": 4294967295
                  }
                },
                "is_fallible": false
              }
            },
            {
              "Expr": {
                "expr": {
                  "Identifier": "u32"
                }
              }
            },
            {
              "VarDecl": {
                "bindings": [
                  {
                    "name": "u64_val",
                    "type_ref": {
                      "Simple": "u64"
                    }
                  }
                ],
                "init": {
                  "Literal": {
                    "Int": 1000000000000
                  }
                },
                "is_fallible": false
              }
            },
            {
              "Expr": {
                "expr": {
                  "Identifier": "u64"
                }
              }
            },
            {
              "VarDecl": {
                "bindings": [
                  {
                    "name": "u128_val",
                    "type_ref": {
                      "Simple": "u128"
                    }
                  }
                ],
                "init": {
                  "Literal": {
                    "Int": 1000000000000000000
                  }
                },
                "is_fallible": false
              }
            },
            {
              "Expr": {
                "expr": {
                  "Identifier": "u128"
                }
              }
            },
            {
              "VarDecl": {
                "bindings": [
                  {
                    "name": "isize_val",
                    "type_ref": {
                      "Simple": "isize"
                    }
                  }
                ],
                "init": {
                  "Literal": {
                    "Int": 1000000000000
                  }
                },
                "is_fallible": false
              }
            },
            {
              "VarDecl": {
                "bindings": [
                  {
                    "name": "usize_val",
                    "type_ref": {
                      "Simple": "usize"
                    }
                  }
                ],
                "init": {
                  "Literal": {
                    "Int": 1000000000000
                  }
                },
                "is_fallible": false
              }
            },
            {
              "VarDecl": {
                "bindings": [
                  {
                    "name": "f32_val",
                    "type_ref": {
                      "Simple": "f32"
                    }
                  }
                ],
                "init": {
                  "Literal": {
                    "Float": 3.14
                  }
                },
                "is_fallible": false
              }
            },
            {
              "Expr": {
                "expr": {
                  "Identifier": "f32"
                }
              }
            },
            {
              "VarDecl": {
                "bindings": [
                  {
                    "name": "f64_val",
                    "type_ref": {
                      "Simple": "f64"
                    }
                  }
                ],
                "init": {
                  "Literal": {
                    "Float": 2.718281828
                  }
                },
                "is_fallible": false
              }
            },
            {
              "Expr": {
                "expr": {
                  "Identifier": "f64"
                }
              }
            },
            {
              "VarDecl": {
                "bindings": [
                  {
                    "name": "char_a",
                    "type_ref": {
                      "Simple": "char"
                    }
                  }
                ],
                "init": {
                  "Literal": {
                    "Char": "A"
                  }
                },
                "is_fallible": false
              }
            },
            {
              "VarDecl": {
                "bindings": [
                  {
                    "name": "char_b",
                    "type_ref": {
                      "Simple": "char"
                    }
                  }
                ],
                "init": {
                  "Literal": {
                    "Char": "B"
                  }
                },
                "is_fallible": false
              }
            },
            {
              "VarDecl": {
                "bindings": [
                  {
                    "name": "char_z",
                    "type_ref": {
                      "Simple": "char"
                    }
                  }
                ],
                "init": {
                  "Literal": {
                    "Char": "Z"
                  }
                },
                "is_fallible": false
              }
            },
            {
              "VarDecl": {
                "bindings": [
                  {
                    "name": "char_space",
                    "type_ref": {
                      "Simple": "char"
                    }
                  }
                ],
                "init": {
                  "Literal": {
                    "Char": " "
                  }
                },
                "is_fallible": false
              }
            },
            {
              "VarDecl": {
                "bindings": [
                  {
                    "name": "bytes_val",
                    "type_ref": {
                      "Simple": "bytes"
                    }
                  }
                ],
                "init": {
                  "ArrayLiteral": [
                    {
                      "Literal": {
                        "Int": 72
                      }
                    },
                    {
                      "Literal": {
                        "Int": 101
                      }
                    },
                    {
                      "Literal": {
                        "Int": 108
                      }
                    },
                    {
                      "Literal": {
                        "Int": 108
                      }
                    },
                    {
                      "Literal": {
                        "Int": 111
                      }
                    }
                  ]
                },
                "is_fallible": false
              }
            },
            {
              "VarDecl": {
                "bindings": [
                  {
                    "name": "optional",
                    "type_ref": {
                      "Generic": {
                        "base": "Option",
                        "args": [
                          {
                            "Simple": "string"
                          }
                        ]
                      }
                    }
                  }
                ],
                "init": {
                  "Call": {
                    "callee": {
                      "Identifier": "Some"
                    },
                    "args": [
                      {
                        "Literal": {
                          "String": "hello"
                        }
                      }
                    ],
                    "exec_policy": "normal",
                    "type_args": []
                  }
                },
                "is_fallible": false
              }
            },
            {
              "VarDecl": {
                "bindings": [
                  {
                    "name": "optional_none",
                    "type_ref": {
                      "Generic": {
                        "base": "Option",
                        "args": [
                          {
                            "Simple": "number"
                          }
                        ]
                      }
                    }
                  }
                ],
                "init": {
                  "Identifier": "None"
                },
                "is_fallible": false
              }
            },
            {
              "VarDecl": {
                "bindings": [
                  {
                    "name": "result_ok",
                    "type_ref": {
                      "Generic": {
                        "base": "Result",
                        "args": [
                          {
                            "Simple": "number"
                          },
                          {
                            "Simple": "string"
                          }
                        ]
                      }
                    }
                  }
                ],
                "init": {
                  "Call": {
                    "callee": {
                      "Identifier": "Ok"
                    },
                    "args": [
                      {
                        "Literal": {
                          "Int": 42
                        }
                      }
                    ],
                    "exec_policy": "normal",
                    "type_args": []
                  }
                },
                "is_fallible": false
              }
            },
            {
              "VarDecl": {
                "bindings": [
                  {
                    "name": "result_err",
                    "type_ref": {
                      "Generic": {
                        "base": "Result",
                        "args": [
                          {
                            "Simple": "string"
                          },
                          {
                            "Simple": "string"
                          }
                        ]
                      }
                    }
                  }
                ],
                "init": {
                  "Call": {
                    "callee": {
                      "Identifier": "Err"
                    },
                    "args": [
                      {
                        "Literal": {
                          "String": "error"
                        }
                      }
                    ],
                    "exec_policy": "normal",
                    "type_args": []
                  }
                },
                "is_fallible": false
              }
            },
            {
              "VarDecl": {
                "bindings": [
                  {
                    "name": "int_array",
                    "type_ref": null
                  }
                ],
                "init": {
                  "ArrayLiteral": [
                    {
                      "Literal": {
                        "Int": 1
                      }
                    },
                    {
                      "Literal": {
                        "Int": 2
                      }
                    },
                    {
                      "Literal": {
                        "Int": 3
                      }
                    },
                    {
                      "Literal": {
                        "Int": 4
                      }
                    },
                    {
                      "Literal": {
                        "Int": 5
                      }
                    }
                  ]
                },
                "is_fallible": false
              }
            },
            {
              "VarDecl": {
                "bindings": [
                  {
                    "name": "str_array",
                    "type_ref": null
                  }
                ],
                "init": {
                  "ArrayLiteral": [
                    {
                      "Literal": {
                        "String": "a"
                      }
                    },
                    {
                      "Literal": {
                        "String": "b"
                      }
                    },
                    {
                      "Literal": {
                        "String": "c"
                      }
                    }
                  ]
                },
                "is_fallible": false
              }
            },
            {
              "Expr": {
                "expr": {
                  "Call": {
                    "callee": {
                      "Identifier": "print"
                    },
                    "args": [
                      {
                        "Literal": {
                          "String": "All advanced types parsed successfully"
                        }
                      }
                    ],
                    "exec_policy": "normal",
                    "type_args": []
                  }
                }
              }
            }
          ]
        },
        "expr_body": null,
        "is_async_inferred": false,
        "contains_fail": false
      }
    }
  ]
}
