---
source: tests/parser_tests.rs
expression: json
---
{
  "items": [
    {
      "Function": {
        "name": "main",
        "type_params": [],
        "params": [],
        "return_type": null,
        "body": {
          "stmts": [
            {
              "VarDecl": {
                "name": "optional",
                "type_ref": {
                  "Generic": {
                    "base": "Option",
                    "args": [
                      {
                        "Simple": "string"
                      }
                    ]
                  }
                },
                "init": {
                  "Call": {
                    "callee": {
                      "Identifier": "Some"
                    },
                    "args": [
                      {
                        "Literal": {
                          "String": "hello"
                        }
                      }
                    ],
                    "exec_policy": "normal"
                  }
                }
              }
            },
            {
              "VarDecl": {
                "name": "result",
                "type_ref": {
                  "Generic": {
                    "base": "Result",
                    "args": [
                      {
                        "Simple": "number"
                      },
                      {
                        "Simple": "string"
                      }
                    ]
                  }
                },
                "init": {
                  "Call": {
                    "callee": {
                      "Identifier": "Ok"
                    },
                    "args": [
                      {
                        "Literal": {
                          "Int": 42
                        }
                      }
                    ],
                    "exec_policy": "normal"
                  }
                }
              }
            },
            {
              "Expr": {
                "expr": {
                  "Call": {
                    "callee": {
                      "Identifier": "print"
                    },
                    "args": [
                      {
                        "StringTemplate": {
                          "parts": [
                            {
                              "Text": "Optional: "
                            },
                            {
                              "Expr": {
                                "Identifier": "optional"
                              }
                            }
                          ]
                        }
                      }
                    ],
                    "exec_policy": "normal"
                  }
                }
              }
            },
            {
              "Expr": {
                "expr": {
                  "Call": {
                    "callee": {
                      "Identifier": "print"
                    },
                    "args": [
                      {
                        "StringTemplate": {
                          "parts": [
                            {
                              "Text": "Result: "
                            },
                            {
                              "Expr": {
                                "Identifier": "result"
                              }
                            }
                          ]
                        }
                      }
                    ],
                    "exec_policy": "normal"
                  }
                }
              }
            },
            {
              "Expr": {
                "expr": {
                  "Call": {
                    "callee": {
                      "Identifier": "print"
                    },
                    "args": [
                      {
                        "Literal": {
                          "String": "Basic generics parsed successfully"
                        }
                      }
                    ],
                    "exec_policy": "normal"
                  }
                }
              }
            }
          ]
        },
        "expr_body": null,
        "is_async_inferred": false
      }
    }
  ]
}
