---
source: tests/parser_tests.rs
expression: error_msg
---
● E2000: Parse Error [Parser]
────────────────────────────────────────────────────────────
  → <input>:4:1

     2 │ main() {
     3 │     print("Hello"
     4 │
       │ }
       │ ^
       │

  ⓘ Expected RParen

  💡 Check for missing semicolons, parentheses, or keywords

  📚 Learn more: https://liva-lang.org/docs/errors/parser#e2000
────────────────────────────────────────────────────────────
