---
source: tests/parser_tests.rs
expression: json
---
{
  "items": [
    {
      "Function": {
        "name": "main",
        "type_params": [],
        "params": [],
        "return_type": null,
        "body": {
          "stmts": [
            {
              "VarDecl": {
                "name": "x",
                "type_ref": null,
                "init": {
                  "Literal": {
                    "Int": 10
                  }
                }
              }
            },
            {
              "If": {
                "condition": {
                  "Binary": {
                    "op": "Gt",
                    "left": {
                      "Identifier": "x"
                    },
                    "right": {
                      "Literal": {
                        "Int": 5
                      }
                    }
                  }
                },
                "then_branch": {
                  "stmts": [
                    {
                      "Expr": {
                        "expr": {
                          "Call": {
                            "callee": {
                              "Identifier": "print"
                            },
                            "args": [
                              {
                                "Literal": {
                                  "String": "x is greater than 5"
                                }
                              }
                            ],
                            "exec_policy": "normal"
                          }
                        }
                      }
                    }
                  ]
                },
                "else_branch": {
                  "stmts": [
                    {
                      "Expr": {
                        "expr": {
                          "Call": {
                            "callee": {
                              "Identifier": "print"
                            },
                            "args": [
                              {
                                "Literal": {
                                  "String": "x is not greater than 5"
                                }
                              }
                            ],
                            "exec_policy": "normal"
                          }
                        }
                      }
                    }
                  ]
                }
              }
            }
          ]
        },
        "expr_body": null,
        "is_async_inferred": false
      }
    }
  ]
}
