---
source: tests/parser_tests.rs
expression: error_msg
---
[1;31m●[0m [1;31mE2000[0m: [1mParse Error[0m [90m[Parser][0m
[90m────────────────────────────────────────────────────────────[0m
  [1;34m→[0m [36m<input>[0m:[1;33m4[0m:[1;33m13[0m

  [90m   2[0m [90m│[0m main() {
  [90m   3[0m [90m│[0m     // Error: acceso a miembro sin objeto
  [90m   4[0m [90m│[0m
  [90m    [0m [90m│[0m let x = .name
  [90m    [0m [90m│[0m         [1;31m^[0m
  [90m   5[0m [90m│[0m 
  [90m   6[0m [90m│[0m     // Error: llamada a función sin función
  [90m    [0m [90m│[0m

  [1;34mⓘ[0m Expected expression

  [33m💡[0m [97mCheck for missing semicolons, parentheses, or keywords[0m

  [34m📚[0m Learn more: [36mhttps://liva-lang.org/docs/errors/parser#e2000[0m
[90m────────────────────────────────────────────────────────────[0m
