---
source: tests/semantics_tests.rs
expression: json
---
{
  "items": [
    {
      "Class": {
        "name": "Persona",
        "base": null,
        "members": [
          {
            "Field": {
              "name": "nombre",
              "visibility": "Public",
              "type_ref": {
                "Simple": "string"
              },
              "init": null
            }
          },
          {
            "Field": {
              "name": "_edad",
              "visibility": "Protected",
              "type_ref": {
                "Simple": "number"
              },
              "init": null
            }
          },
          {
            "Field": {
              "name": "__dni",
              "visibility": "Private",
              "type_ref": {
                "Simple": "string"
              },
              "init": null
            }
          },
          {
            "Method": {
              "name": "getNombre",
              "visibility": "Public",
              "type_params": [],
              "params": [],
              "return_type": {
                "Simple": "string"
              },
              "body": {
                "stmts": [
                  {
                    "Return": {
                      "expr": {
                        "Member": {
                          "object": {
                            "Identifier": "this"
                          },
                          "property": "nombre"
                        }
                      }
                    }
                  }
                ]
              },
              "expr_body": {
                "Member": {
                  "object": {
                    "Identifier": "this"
                  },
                  "property": "nombre"
                }
              },
              "is_async_inferred": false
            }
          },
          {
            "Method": {
              "name": "_getEdad",
              "visibility": "Protected",
              "type_params": [],
              "params": [],
              "return_type": {
                "Simple": "number"
              },
              "body": {
                "stmts": [
                  {
                    "Return": {
                      "expr": {
                        "Member": {
                          "object": {
                            "Identifier": "this"
                          },
                          "property": "_edad"
                        }
                      }
                    }
                  }
                ]
              },
              "expr_body": null,
              "is_async_inferred": false
            }
          },
          {
            "Method": {
              "name": "__getDni",
              "visibility": "Private",
              "type_params": [],
              "params": [],
              "return_type": {
                "Simple": "string"
              },
              "body": {
                "stmts": [
                  {
                    "Return": {
                      "expr": {
                        "Member": {
                          "object": {
                            "Identifier": "this"
                          },
                          "property": "__dni"
                        }
                      }
                    }
                  }
                ]
              },
              "expr_body": null,
              "is_async_inferred": false
            }
          }
        ]
      }
    },
    {
      "Class": {
        "name": "Empleado",
        "base": "Persona",
        "members": [
          {
            "Field": {
              "name": "salario",
              "visibility": "Public",
              "type_ref": {
                "Simple": "number"
              },
              "init": null
            }
          },
          {
            "Method": {
              "name": "getSalario",
              "visibility": "Public",
              "type_params": [],
              "params": [],
              "return_type": {
                "Simple": "number"
              },
              "body": {
                "stmts": [
                  {
                    "Return": {
                      "expr": {
                        "Member": {
                          "object": {
                            "Identifier": "this"
                          },
                          "property": "salario"
                        }
                      }
                    }
                  }
                ]
              },
              "expr_body": {
                "Member": {
                  "object": {
                    "Identifier": "this"
                  },
                  "property": "salario"
                }
              },
              "is_async_inferred": false
            }
          },
          {
            "Method": {
              "name": "getEdadEmpleado",
              "visibility": "Public",
              "type_params": [],
              "params": [],
              "return_type": {
                "Simple": "number"
              },
              "body": {
                "stmts": [
                  {
                    "Return": {
                      "expr": {
                        "Call": {
                          "callee": {
                            "Member": {
                              "object": {
                                "Identifier": "this"
                              },
                              "property": "_getEdad"
                            }
                          },
                          "args": []
                        }
                      }
                    }
                  }
                ]
              },
              "expr_body": {
                "Call": {
                  "callee": {
                    "Member": {
                      "object": {
                        "Identifier": "this"
                      },
                      "property": "_getEdad"
                    }
                  },
                  "args": []
                }
              },
              "is_async_inferred": false
            }
          }
        ]
      }
    }
  ]
}
