---
source: tests/semantics_tests.rs
expression: error_msg
---
[1;31m●[0m [1;31m[0m: [1mE0705: `simdWidth` option requires `for vec` or `for parvec` policy.[0m
[90m────────────────────────────────────────────────────────────[0m

  [1;34mⓘ[0m E0705: `simdWidth` option requires `for vec` or `for parvec` policy.
[90m────────────────────────────────────────────────────────────[0m
