---
source: tests/semantics_tests.rs
expression: json
---
{
  "items": [
    {
      "Function": {
        "name": "main",
        "type_params": [],
        "params": [],
        "return_type": null,
        "body": {
          "stmts": [
            {
              "VarDecl": {
                "bindings": [
                  {
                    "name": "x",
                    "type_ref": {
                      "Simple": "UndefinedType"
                    }
                  }
                ],
                "init": {
                  "Literal": {
                    "Int": 42
                  }
                },
                "is_fallible": false
              }
            }
          ]
        },
        "expr_body": null,
        "is_async_inferred": false,
        "contains_fail": false
      }
    }
  ]
}
