---
source: tests/semantics_tests.rs
expression: json
---
{
  "items": [
    {
      "Function": {
        "name": "fetchData",
        "type_params": [],
        "params": [],
        "return_type": null,
        "body": {
          "stmts": [
            {
              "Return": {
                "expr": {
                  "Call": {
                    "callee": {
                      "MethodCall": {
                        "object": {
                          "Identifier": "http"
                        },
                        "method": "get",
                        "args": [
                          {
                            "Literal": {
                              "String": "url"
                            }
                          }
                        ],
                        "adapter": "seq",
                        "adapter_options": {}
                      }
                    },
                    "args": [],
                    "exec_policy": "async",
                    "type_args": []
                  }
                }
              }
            }
          ]
        },
        "expr_body": null,
        "is_async_inferred": true,
        "contains_fail": false
      }
    },
    {
      "Function": {
        "name": "main",
        "type_params": [],
        "params": [],
        "return_type": null,
        "body": {
          "stmts": [
            {
              "VarDecl": {
                "bindings": [
                  {
                    "pattern": {
                      "Identifier": "data"
                    },
                    "type_ref": null
                  }
                ],
                "init": {
                  "Call": {
                    "callee": {
                      "Identifier": "fetchData"
                    },
                    "args": [],
                    "exec_policy": "normal",
                    "type_args": []
                  }
                },
                "is_fallible": false
              }
            },
            {
              "Expr": {
                "expr": {
                  "Call": {
                    "callee": {
                      "Identifier": "print"
                    },
                    "args": [
                      {
                        "Identifier": "data"
                      }
                    ],
                    "exec_policy": "normal",
                    "type_args": []
                  }
                }
              }
            }
          ]
        },
        "expr_body": null,
        "is_async_inferred": true,
        "contains_fail": false
      }
    }
  ]
}
