---
source: tests/semantics_tests.rs
expression: error_msg
---
[1;31m●[0m [1;31m[0m: [1mW0601: task handle 'handle' is never awaited.[0m
[90m────────────────────────────────────────────────────────────[0m

  [1;34mⓘ[0m W0601: task handle 'handle' is never awaited.
[90m────────────────────────────────────────────────────────────[0m
