---
source: tests/semantics_tests.rs
expression: json
---
{
  "items": [
    {
      "Function": {
        "name": "fetchUser",
        "type_params": [],
        "params": [],
        "return_type": null,
        "body": {
          "stmts": [
            {
              "VarDecl": {
                "bindings": [
                  {
                    "name": "response",
                    "type_ref": null
                  }
                ],
                "init": {
                  "Call": {
                    "callee": {
                      "Member": {
                        "object": {
                          "Identifier": "http"
                        },
                        "property": "get"
                      }
                    },
                    "args": [
                      {
                        "Literal": {
                          "String": "https://api.example.com/user"
                        }
                      }
                    ],
                    "exec_policy": "async"
                  }
                },
                "is_fallible": false
              }
            },
            {
              "Return": {
                "expr": {
                  "Call": {
                    "callee": {
                      "Member": {
                        "object": {
                          "Identifier": "response"
                        },
                        "property": "json"
                      }
                    },
                    "args": [],
                    "exec_policy": "normal"
                  }
                }
              }
            }
          ]
        },
        "expr_body": null,
        "is_async_inferred": true,
        "contains_fail": false
      }
    },
    {
      "Function": {
        "name": "processData",
        "type_params": [],
        "params": [],
        "return_type": null,
        "body": {
          "stmts": [
            {
              "VarDecl": {
                "bindings": [
                  {
                    "name": "user",
                    "type_ref": null
                  }
                ],
                "init": {
                  "Call": {
                    "callee": {
                      "Identifier": "fetchUser"
                    },
                    "args": [],
                    "exec_policy": "normal"
                  }
                },
                "is_fallible": false
              }
            },
            {
              "VarDecl": {
                "bindings": [
                  {
                    "name": "processed",
                    "type_ref": null
                  }
                ],
                "init": {
                  "Call": {
                    "callee": {
                      "Identifier": "processUser"
                    },
                    "args": [
                      {
                        "Identifier": "user"
                      }
                    ],
                    "exec_policy": "async"
                  }
                },
                "is_fallible": false
              }
            },
            {
              "Return": {
                "expr": {
                  "Identifier": "processed"
                }
              }
            }
          ]
        },
        "expr_body": null,
        "is_async_inferred": true,
        "contains_fail": false
      }
    },
    {
      "Function": {
        "name": "main",
        "type_params": [],
        "params": [],
        "return_type": null,
        "body": {
          "stmts": [
            {
              "VarDecl": {
                "bindings": [
                  {
                    "name": "result",
                    "type_ref": null
                  }
                ],
                "init": {
                  "Call": {
                    "callee": {
                      "Identifier": "processData"
                    },
                    "args": [],
                    "exec_policy": "normal"
                  }
                },
                "is_fallible": false
              }
            },
            {
              "Expr": {
                "expr": {
                  "Call": {
                    "callee": {
                      "Identifier": "print"
                    },
                    "args": [
                      {
                        "Identifier": "result"
                      }
                    ],
                    "exec_policy": "normal"
                  }
                }
              }
            }
          ]
        },
        "expr_body": null,
        "is_async_inferred": true,
        "contains_fail": false
      }
    }
  ]
}
