---
source: tests/semantics_tests.rs
expression: error_msg
---
[1;31m●[0m [1;31m[0m: [1mE0605: `await` is not allowed inside `for par` or `for parvec` loops.[0m
[90m────────────────────────────────────────────────────────────[0m

  [1;34mⓘ[0m E0605: `await` is not allowed inside `for par` or `for parvec` loops.
[90m────────────────────────────────────────────────────────────[0m
