---
source: tests/semantics_tests.rs
expression: json
---
{
  "items": [
    {
      "Function": {
        "name": "main",
        "type_params": [],
        "params": [],
        "return_type": null,
        "body": {
          "stmts": [
            {
              "VarDecl": {
                "bindings": [
                  {
                    "name": "a",
                    "type_ref": {
                      "Simple": "number"
                    }
                  }
                ],
                "init": {
                  "Literal": {
                    "Int": 1
                  }
                },
                "is_fallible": false
              }
            },
            {
              "VarDecl": {
                "bindings": [
                  {
                    "name": "b",
                    "type_ref": {
                      "Simple": "float"
                    }
                  }
                ],
                "init": {
                  "Literal": {
                    "Float": 2.0
                  }
                },
                "is_fallible": false
              }
            },
            {
              "VarDecl": {
                "bindings": [
                  {
                    "name": "c",
                    "type_ref": null
                  }
                ],
                "init": {
                  "Binary": {
                    "op": "Add",
                    "left": {
                      "Identifier": "a"
                    },
                    "right": {
                      "Identifier": "b"
                    }
                  }
                },
                "is_fallible": false
              }
            }
          ]
        },
        "expr_body": null,
        "is_async_inferred": false,
        "contains_fail": false
      }
    }
  ]
}
