---
source: tests/semantics_tests.rs
expression: error_msg
---
● : E0705: `simdWidth` option requires `for vec` or `for parvec` policy.
────────────────────────────────────────────────────────────

  ⓘ E0705: `simdWidth` option requires `for vec` or `for parvec` policy.
────────────────────────────────────────────────────────────
