---
source: tests/semantics_tests.rs
expression: error_msg
---
● : E0605: `await` is not allowed inside `for par` or `for parvec` loops.
────────────────────────────────────────────────────────────

  ⓘ E0605: `await` is not allowed inside `for par` or `for parvec` loops.
────────────────────────────────────────────────────────────
