---
source: tests/semantics_tests.rs
expression: json
---
{
  "items": [
    {
      "Class": {
        "name": "Persona",
        "base": null,
        "members": [
          {
            "Field": {
              "name": "__dni",
              "visibility": "Private",
              "type_ref": {
                "Simple": "string"
              },
              "init": null
            }
          },
          {
            "Method": {
              "name": "getDni",
              "visibility": "Public",
              "type_params": [],
              "params": [],
              "return_type": {
                "Simple": "string"
              },
              "body": {
                "stmts": [
                  {
                    "Return": {
                      "expr": {
                        "Member": {
                          "object": {
                            "Identifier": "this"
                          },
                          "property": "__dni"
                        }
                      }
                    }
                  }
                ]
              },
              "expr_body": {
                "Member": {
                  "object": {
                    "Identifier": "this"
                  },
                  "property": "__dni"
                }
              },
              "is_async_inferred": false,
              "contains_fail": false
            }
          }
        ]
      }
    },
    {
      "Function": {
        "name": "main",
        "type_params": [],
        "params": [],
        "return_type": null,
        "body": {
          "stmts": [
            {
              "VarDecl": {
                "bindings": [
                  {
                    "name": "p",
                    "type_ref": null
                  }
                ],
                "init": {
                  "StructLiteral": {
                    "type_name": "Persona",
                    "fields": [
                      [
                        "__dni",
                        {
                          "Literal": {
                            "String": "12345678"
                          }
                        }
                      ]
                    ]
                  }
                },
                "is_fallible": false
              }
            },
            {
              "VarDecl": {
                "bindings": [
                  {
                    "name": "dni",
                    "type_ref": null
                  }
                ],
                "init": {
                  "Member": {
                    "object": {
                      "Identifier": "p"
                    },
                    "property": "__dni"
                  }
                },
                "is_fallible": false
              }
            }
          ]
        },
        "expr_body": null,
        "is_async_inferred": false,
        "contains_fail": false
      }
    }
  ]
}
